Traces were rotated by 0.006678 degrees 

trace is centered on row 509.249985
