Traces were rotated by 0.063884 degrees 

trace is centered on row 893.703885
